﻿
> founder-os@1.0.0 build
> vite build

[36mvite v5.4.21 [32mbuilding for production...[36m[39m
transforming...
[32mΓ£ô[39m 23 modules transformed.
node.exe : [31mx[39m Build 
failed in 708ms
At C:\Program 
Files\nodejs\npm.ps1:29 
char:3
+   & $NODE_EXE $NPM_CLI_JS 
$args
+   
~~~~~~~~~~~~~~~~~~~~~~~~~~~~~
    + CategoryInfo           
   : NotSpecified: ([31mx  
  [39m Build failed in 708   
 ms:String) [], RemoteExc    
eption
    + FullyQualifiedErrorId  
   : NativeCommandError
 
[31merror during build:
[31m[vite]: Rollup failed 
to resolve import 
"lucide-react" from "C:/Users
/Prithish/OneDrive/Desktop/Po
rtfolio-/src/components/Float
ingNav.jsx".
This is most likely 
unintended because it can 
break your application at 
runtime.
If you do want to 
externalize this module 
explicitly add it to
`build.rollupOptions.external
`[31m
    at viteWarn (file:///C:/U
sers/Prithish/OneDrive/Deskto
p/Portfolio-/node_modules/vit
e/dist/node/chunks/dep-BK3b2j
Ba.js:65855:17)
    at onwarn (file:///C:/Use
rs/Prithish/OneDrive/Desktop/
Portfolio-/node_modules/@vite
js/plugin-react/dist/index.js
:90:7)
    at onRollupWarning (file:
///C:/Users/Prithish/OneDrive
/Desktop/Portfolio-/node_modu
les/vite/dist/node/chunks/dep
-BK3b2jBa.js:65885:5)
    at onwarn (file:///C:/Use
rs/Prithish/OneDrive/Desktop/
Portfolio-/node_modules/vite/
dist/node/chunks/dep-BK3b2jBa
.js:65550:7)
    at file:///C:/Users/Prith
ish/OneDrive/Desktop/Portfoli
o-/node_modules/rollup/dist/e
s/shared/node-entry.js:20995:
13
    at Object.logger [as 
onLog] (file:///C:/Users/Prit
hish/OneDrive/Desktop/Portfol
io-/node_modules/rollup/dist/
es/shared/node-entry.js:22968
:9)
    at ModuleLoader.handleInv
alidResolvedId (file:///C:/Us
ers/Prithish/OneDrive/Desktop
/Portfolio-/node_modules/roll
up/dist/es/shared/node-entry.
js:21712:26)
    at file:///C:/Users/Prith
ish/OneDrive/Desktop/Portfoli
o-/node_modules/rollup/dist/e
s/shared/node-entry.js:21670:
26[39m
